


test heroku app:
coil@coil-VM:~/Desktop/FSND/projects/capstone/heroku_sample/starter$ heroku create test-app-udacity-coil
 ›   Warning: heroku update available from 7.59.0 to 7.59.1.
Creating ⬢ test-app-udacity-coil... done
https://test-app-udacity-coil.herokuapp.com/ | https://git.heroku.com/test-app-udacity-coil.git
coil@coil-VM:~/Desktop/FSND/projects/capstone/heroku_sample/starter$ 



coil@coil-VM:~/Desktop/capstone$ heroku addons:create heroku-postgresql:hobby-dev --app test-app-udacity-coil
 ›   Warning: heroku update available from 7.59.0 to 7.59.1.
Creating heroku-postgresql:hobby-dev on ⬢ test-app-udacity-coil... free
Database has been created and is available
 ! This database is empty. If upgrading, you can transfer
 ! data from another database with pg:copy
Created postgresql-asymmetrical-73265 as DATABASE_URL
Use heroku addons:docs heroku-postgresql to view documentation
coil@coil-VM:~/Desktop/capstone$ 



heroku config --app test-app-udacity-coil

coil@coil-VM:~/Desktop/capstone$ heroku config --app test-app-udacity-coil
 ›   Warning: heroku update available from 7.59.0 to 7.59.1.
=== test-app-udacity-coil Config Vars
DATABASE_URL: postgres://qryyvcpjrdlvbp:b0057076f89ad36c543493131cb899a27a7d5830e7b26907c37cf945e88fe4a0@ec2-44-199-158-170.compute-1.amazonaws.com:5432/d5fb1mn1o1fv4i
coil@coil-VM:~/Desktop/capstone$ 


git push heroku master

and then init the database

heroku run python manage.py db init --app test-app-udacity-coil



need to remove 
a something
catfish
command not found
cupshelpers
defer

needed to use SQLAlchemy==1.3, 1.4 does not take 'postgres' path, only postgresql 



----------------------------------------------

how to init database locally using manage.py script

coil@coil-VM:~/Desktop/capstone$ export DATABASE_URL='postgresql://coil:tristania@localhost:5432/capstone'
coil@coil-VM:~/Desktop/capstone$ export EXCITED='true'

createdb capstone
python3 manage.py db init
python3 manage.py db migrate 
python3 manage.py db upgrade

flask run --reload


when we are done, get rid of database:
dropdb capstone



for running tests - also export postgres DATABASE_URL to CLI
since tests are sourcing the main script and main script needs it as well



